../Core/Src/main.c:38:6:uart_init	40	static
../Core/Src/main.c:85:6:USART1_IRQHandler	16	static
../Core/Src/main.c:93:6:uart_send_1_byte	24	static
../Core/Src/main.c:105:6:uart_send_string	24	static
../Core/Src/main.c:113:6:uart_recv_data	24	static
../Core/Src/main.c:122:6:printlog	1048	static
../Core/Src/main.c:137:6:custom_printf	1040	static
../Core/Src/main.c:148:6:adc_init	32	static
../Core/Src/main.c:169:5:adc_measure_vin	24	static
../Core/Src/main.c:179:7:adc_get_temp	24	static
../Core/Src/main.c:187:6:led_init	16	static
../Core/Src/main.c:211:6:led_ctrl	24	static
../Core/Src/main.c:226:6:led_toggle	24	static
../Core/Src/main.c:318:5:main	8	static
../Core/Src/main.c:414:6:SystemClock_Config	88	static
../Core/Src/main.c:456:13:MX_GPIO_Init	40	static
../Core/Src/main.c:491:6:func1	16	static
../Core/Src/main.c:512:6:func2	24	static
../Core/Src/main.c:533:6:func3	24	static
../Core/Src/main.c:554:6:func4	16	static
../Core/Src/main.c:569:6:Error_Handler	4	static,ignoring_inline_asm
